{
  "stress": [
    {
      "config": {
        "strategy": "C1",
        "weight": 0.7,
        "withdrawal": 0.02,
        "initial": 1000000,
        "interest": 0.028,
        "cash_yield": 0.02,
        "inflation": 0,
        "margin_requirement": 1,
        "stock_haircut": 0.7,
        "cash_haircut": 0.9,
        "safe_ratio": 1.4,
        "transfer_ratio": 3,
        "settlement_days": 1,
        "interest_mode": "accrue_unpaid",
        "renew_min_ratio": 2,
        "deny_renew_from": "",
        "block_new_from": "",
        "price_mode": "adjusted",
        "cap_override": 0,
        "reserve_years": 15,
        "gate": "both",
        "permanent_stop": false,
        "financing": true,
        "renewal_floor": 0
      },
      "start": "1999-03-10",
      "end_actual": "2026-09-08",
      "end_requested": "2026-09-08",
      "failure": null,
      "final_net": 12573063.533902176,
      "final_debt": 750268.4931506873,
      "final_cash": 3625510.149257293,
      "principal": 540000.0,
      "interest": 210268.49315068725,
      "living_paid": 560000.0,
      "financed_years": 27,
      "cash_years": 1,
      "first_finance_pause": "2009-02-26",
      "min_mmr": 1.7357838788147777,
      "min_mmr_date": "2008-11-21:low",
      "min_cash": 228587.94971355321,
      "min_cash_years": 11.429397485677661,
      "max_drawdown_with_spending": 0.7160890329913013,
      "min_weight": 0.5136247515085524,
      "max_weight": 0.9681914849682357,
      "skipped_rebalances": 17,
      "partial_rebalances": 0,
      "principal_repaid": 0.0,
      "interest_paid": 0.0
    },
    {
      "config": {
        "strategy": "C1",
        "weight": 0.7,
        "withdrawal": 0.02,
        "initial": 1000000,
        "interest": 0.028,
        "cash_yield": 0.02,
        "inflation": 0,
        "margin_requirement": 1,
        "stock_haircut": 0.7,
        "cash_haircut": 0.9,
        "safe_ratio": 1.4,
        "transfer_ratio": 3,
        "settlement_days": 1,
        "interest_mode": "accrue_unpaid",
        "renew_min_ratio": 2,
        "deny_renew_from": "",
        "block_new_from": "",
        "price_mode": "adjusted",
        "cap_override": 0,
        "reserve_years": 15,
        "gate": "both",
        "permanent_stop": false,
        "financing": true,
        "renewal_floor": 0
      },
      "start": "2000-03-27",
      "end_actual": "2026-09-08",
      "end_requested": "2026-09-08",
      "failure": null,
      "final_net": 6098310.559510043,
      "final_debt": 528664.9863013716,
      "final_cash": 128522.45889005656,
      "principal": 400000.0,
      "interest": 128664.98630137155,
      "living_paid": 540000.0,
      "financed_years": 20,
      "cash_years": 7,
      "first_finance_pause": "2003-03-17",
      "min_mmr": 2.0423747591561687,
      "min_mmr_date": "2008-11-21:low",
      "min_cash": 97918.87921891623,
      "min_cash_years": 4.895943960945812,
      "max_drawdown_with_spending": 0.7683752411474497,
      "min_weight": 0.42460494626997564,
      "max_weight": 0.9813924222964777,
      "skipped_rebalances": 25,
      "partial_rebalances": 0,
      "principal_repaid": 0.0,
      "interest_paid": 0.0
    },
    {
      "config": {
        "strategy": "C1",
        "weight": 0.7,
        "withdrawal": 0.02,
        "initial": 1000000,
        "interest": 0.028,
        "cash_yield": 0.02,
        "inflation": 0,
        "margin_requirement": 1,
        "stock_haircut": 0.7,
        "cash_haircut": 0.9,
        "safe_ratio": 1.4,
        "transfer_ratio": 3,
        "settlement_days": 1,
        "interest_mode": "accrue_unpaid",
        "renew_min_ratio": 2,
        "deny_renew_from": "",
        "block_new_from": "",
        "price_mode": "adjusted",
        "cap_override": 0,
        "reserve_years": 15,
        "gate": "both",
        "permanent_stop": false,
        "financing": true,
        "renewal_floor": 0
      },
      "start": "2007-10-31",
      "end_actual": "2026-09-08",
      "end_requested": "2026-09-08",
      "failure": null,
      "final_net": 7811551.278144636,
      "final_debt": 485227.8356164422,
      "final_cash": 2257885.4369950984,
      "principal": 380000.0,
      "interest": 105227.83561644217,
      "living_paid": 380000.0,
      "financed_years": 19,
      "cash_years": 0,
      "first_finance_pause": null,
      "min_mmr": 5.428097336433558,
      "min_mmr_date": "2016-02-08:low",
      "min_cash": 287261.5417196826,
      "min_cash_years": 14.363077085984129,
      "max_drawdown_with_spending": 0.416128084612544,
      "min_weight": 0.5331054554616251,
      "max_weight": 0.7824655832028965,
      "skipped_rebalances": 2,
      "partial_rebalances": 0,
      "principal_repaid": 0.0,
      "interest_paid": 0.0
    },
    {
      "config": {
        "strategy": "C1",
        "weight": 0.7,
        "withdrawal": 0.02,
        "initial": 1000000,
        "interest": 0.028,
        "cash_yield": 0.02,
        "inflation": 0,
        "margin_requirement": 1,
        "stock_haircut": 0.7,
        "cash_haircut": 0.9,
        "safe_ratio": 1.4,
        "transfer_ratio": 3,
        "settlement_days": 1,
        "interest_mode": "accrue_unpaid",
        "renew_min_ratio": 2,
        "deny_renew_from": "",
        "block_new_from": "",
        "price_mode": "adjusted",
        "cap_override": 0,
        "reserve_years": 15,
        "gate": "both",
        "permanent_stop": false,
        "financing": true,
        "renewal_floor": 0
      },
      "start": "2020-02-19",
      "end_actual": "2026-09-08",
      "end_requested": "2026-09-08",
      "failure": null,
      "final_net": 2309482.06838809,
      "final_debt": 154035.2876712327,
      "final_cash": 670601.8909107944,
      "principal": 140000.0,
      "interest": 14035.287671232716,
      "living_paid": 140000.0,
      "financed_years": 7,
      "cash_years": 0,
      "first_finance_pause": null,
      "min_mmr": 8.118377602879615,
      "min_mmr_date": "2025-04-07:low",
      "min_cash": 299972.39535357134,
      "min_cash_years": 14.998619767678568,
      "max_drawdown_with_spending": 0.26362061719931495,
      "min_weight": 0.6001839363305128,
      "max_weight": 0.7824135722379415,
      "skipped_rebalances": 0,
      "partial_rebalances": 0,
      "principal_repaid": 0.0,
      "interest_paid": 0.0
    },
    {
      "config": {
        "strategy": "C1",
        "weight": 0.7,
        "withdrawal": 0.02,
        "initial": 1000000,
        "interest": 0.028,
        "cash_yield": 0.02,
        "inflation": 0,
        "margin_requirement": 1,
        "stock_haircut": 0.7,
        "cash_haircut": 0.9,
        "safe_ratio": 1.4,
        "transfer_ratio": 3,
        "settlement_days": 1,
        "interest_mode": "accrue_unpaid",
        "renew_min_ratio": 2,
        "deny_renew_from": "",
        "block_new_from": "",
        "price_mode": "adjusted",
        "cap_override": 0,
        "reserve_years": 15,
        "gate": "both",
        "permanent_stop": false,
        "financing": true,
        "renewal_floor": 0
      },
      "start": "2021-11-19",
      "end_actual": "2026-09-08",
      "end_requested": "2026-09-08",
      "failure": null,
      "final_net": 1633642.8286360102,
      "final_debt": 107921.31506849309,
      "final_cash": 248204.28807974924,
      "principal": 100000.0,
      "interest": 7921.315068493086,
      "living_paid": 100000.0,
      "financed_years": 5,
      "cash_years": 0,
      "first_finance_pause": null,
      "min_mmr": 9.868049978799936,
      "min_mmr_date": "2025-04-07:low",
      "min_cash": 230164.9412880456,
      "min_cash_years": 11.50824706440228,
      "max_drawdown_with_spending": 0.2796859923057634,
      "min_weight": 0.5995098774283845,
      "max_weight": 0.8625602514293619,
      "skipped_rebalances": 3,
      "partial_rebalances": 0,
      "principal_repaid": 0.0,
      "interest_paid": 0.0
    }
  ],
  "sensitivity": [
    {
      "config": {
        "strategy": "C1",
        "weight": 0.7,
        "withdrawal": 0.02,
        "initial": 1000000,
        "interest": 0.028,
        "cash_yield": 0.02,
        "inflation": 0,
        "margin_requirement": 1,
        "stock_haircut": 0.7,
        "cash_haircut": 0.9,
        "safe_ratio": 1.4,
        "transfer_ratio": 3,
        "settlement_days": 1,
        "interest_mode": "accrue_unpaid",
        "renew_min_ratio": 2,
        "deny_renew_from": "",
        "block_new_from": "",
        "price_mode": "adjusted",
        "cap_override": 0,
        "reserve_years": 15,
        "gate": "both",
        "permanent_stop": false,
        "financing": true,
        "renewal_floor": 0
      },
      "start": "2000-03-27",
      "end_actual": "2026-09-08",
      "end_requested": "2026-09-08",
      "failure": null,
      "final_net": 6098310.559510043,
      "final_debt": 528664.9863013716,
      "final_cash": 128522.45889005656,
      "principal": 400000.0,
      "interest": 128664.98630137155,
      "living_paid": 540000.0,
      "financed_years": 20,
      "cash_years": 7,
      "first_finance_pause": "2003-03-17",
      "min_mmr": 2.0423747591561687,
      "min_mmr_date": "2008-11-21:low",
      "min_cash": 97918.87921891623,
      "min_cash_years": 4.895943960945812,
      "max_drawdown_with_spending": 0.7683752411474497,
      "min_weight": 0.42460494626997564,
      "max_weight": 0.9813924222964777,
      "skipped_rebalances": 25,
      "partial_rebalances": 0,
      "principal_repaid": 0.0,
      "interest_paid": 0.0,
      "variant": "main"
    },
    {
      "config": {
        "strategy": "C1",
        "weight": 0.7,
        "withdrawal": 0.02,
        "initial": 1000000,
        "interest": 0.028,
        "cash_yield": 0,
        "inflation": 0,
        "margin_requirement": 1,
        "stock_haircut": 0.7,
        "cash_haircut": 0.9,
        "safe_ratio": 1.4,
        "transfer_ratio": 3,
        "settlement_days": 1,
        "interest_mode": "accrue_unpaid",
        "renew_min_ratio": 2,
        "deny_renew_from": "",
        "block_new_from": "",
        "price_mode": "adjusted",
        "cap_override": 0,
        "reserve_years": 15,
        "gate": "both",
        "permanent_stop": false,
        "financing": true,
        "renewal_floor": 0
      },
      "start": "2000-03-27",
      "end_actual": "2026-09-08",
      "end_requested": "2026-09-08",
      "failure": null,
      "final_net": 4712251.637917001,
      "final_debt": 494948.8219178099,
      "final_cash": 139164.24822667718,
      "principal": 380000.0,
      "interest": 114948.8219178099,
      "living_paid": 540000.0,
      "financed_years": 19,
      "cash_years": 8,
      "first_finance_pause": "2003-03-17",
      "min_mmr": 1.8760746959588082,
      "min_mmr_date": "2002-10-08:low",
      "min_cash": 138482.12401759363,
      "min_cash_years": 6.924106200879681,
      "max_drawdown_with_spending": 0.7388404738262273,
      "min_weight": 0.2852560393759474,
      "max_weight": 0.9742171495664949,
      "skipped_rebalances": 26,
      "partial_rebalances": 0,
      "principal_repaid": 0.0,
      "interest_paid": 0.0,
      "variant": "cash_zero"
    },
    {
      "config": {
        "strategy": "C1",
        "weight": 0.7,
        "withdrawal": 0.02,
        "initial": 1000000,
        "interest": 0.04,
        "cash_yield": 0.02,
        "inflation": 0,
        "margin_requirement": 1,
        "stock_haircut": 0.7,
        "cash_haircut": 0.9,
        "safe_ratio": 1.4,
        "transfer_ratio": 3,
        "settlement_days": 1,
        "interest_mode": "accrue_unpaid",
        "renew_min_ratio": 2,
        "deny_renew_from": "",
        "block_new_from": "",
        "price_mode": "adjusted",
        "cap_override": 0,
        "reserve_years": 15,
        "gate": "both",
        "permanent_stop": false,
        "financing": true,
        "renewal_floor": 0
      },
      "start": "2000-03-27",
      "end_actual": "2026-09-08",
      "end_requested": "2026-09-08",
      "failure": null,
      "final_net": 6043579.829583556,
      "final_debt": 581409.3150685042,
      "final_cash": 126536.05773070178,
      "principal": 400000.0,
      "interest": 181409.31506850416,
      "living_paid": 540000.0,
      "financed_years": 20,
      "cash_years": 7,
      "first_finance_pause": "2003-03-17",
      "min_mmr": 1.909350109985105,
      "min_mmr_date": "2008-11-21:low",
      "min_cash": 91061.88436800703,
      "min_cash_years": 4.553094218400352,
      "max_drawdown_with_spending": 0.7750281726542987,
      "min_weight": 0.42460494626997564,
      "max_weight": 0.981674744733066,
      "skipped_rebalances": 25,
      "partial_rebalances": 0,
      "principal_repaid": 0.0,
      "interest_paid": 0.0,
      "variant": "interest_4"
    },
    {
      "config": {
        "strategy": "C1",
        "weight": 0.7,
        "withdrawal": 0.02,
        "initial": 1000000,
        "interest": 0.06,
        "cash_yield": 0.02,
        "inflation": 0,
        "margin_requirement": 1,
        "stock_haircut": 0.7,
        "cash_haircut": 0.9,
        "safe_ratio": 1.4,
        "transfer_ratio": 3,
        "settlement_days": 1,
        "interest_mode": "accrue_unpaid",
        "renew_min_ratio": 2,
        "deny_renew_from": "",
        "block_new_from": "",
        "price_mode": "adjusted",
        "cap_override": 0,
        "reserve_years": 15,
        "gate": "both",
        "permanent_stop": false,
        "financing": true,
        "renewal_floor": 0
      },
      "start": "2000-03-27",
      "end_actual": "2026-09-08",
      "end_requested": "2026-09-08",
      "failure": null,
      "final_net": 5963296.916682126,
      "final_debt": 634728.7671232766,
      "final_cash": 99572.59688404317,
      "principal": 380000.0,
      "interest": 254728.76712327663,
      "living_paid": 540000.0,
      "financed_years": 19,
      "cash_years": 8,
      "first_finance_pause": "2003-03-17",
      "min_mmr": 1.7407182617347972,
      "min_mmr_date": "2008-11-21:low",
      "min_cash": 75757.17856352773,
      "min_cash_years": 3.787858928176387,
      "max_drawdown_with_spending": 0.7857438136388646,
      "min_weight": 0.42460494626997564,
      "max_weight": 0.985523126850365,
      "skipped_rebalances": 25,
      "partial_rebalances": 0,
      "principal_repaid": 0.0,
      "interest_paid": 0.0,
      "variant": "interest_6"
    },
    {
      "config": {
        "strategy": "C1",
        "weight": 0.7,
        "withdrawal": 0.02,
        "initial": 1000000,
        "interest": 0.028,
        "cash_yield": 0.02,
        "inflation": 0,
        "margin_requirement": 1,
        "stock_haircut": 0.7,
        "cash_haircut": 0.9,
        "safe_ratio": 1.4,
        "transfer_ratio": 3,
        "settlement_days": 1,
        "interest_mode": "accrue_unpaid",
        "renew_min_ratio": 2,
        "deny_renew_from": "",
        "block_new_from": "",
        "price_mode": "adjusted",
        "cap_override": 0,
        "reserve_years": 15,
        "gate": "buy_only",
        "permanent_stop": false,
        "financing": true,
        "renewal_floor": 0
      },
      "start": "2000-03-27",
      "end_actual": "2026-09-08",
      "end_requested": "2026-09-08",
      "failure": null,
      "final_net": 3560345.701430179,
      "final_debt": 449925.69863013807,
      "final_cash": 1091315.0406821799,
      "principal": 340000.0,
      "interest": 109925.69863013804,
      "living_paid": 540000.0,
      "financed_years": 17,
      "cash_years": 10,
      "first_finance_pause": "2003-03-17",
      "min_mmr": 1.9495555465773904,
      "min_mmr_date": "2008-11-21:low",
      "min_cash": 123341.14743339278,
      "min_cash_years": 6.167057371669639,
      "max_drawdown_with_spending": 0.7589935168698623,
      "min_weight": 0.42460494626997564,
      "max_weight": 0.8044318435620611,
      "skipped_rebalances": 7,
      "partial_rebalances": 1,
      "principal_repaid": 0.0,
      "interest_paid": 0.0,
      "variant": "buy_only_gate"
    },
    {
      "config": {
        "strategy": "C1",
        "weight": 0.7,
        "withdrawal": 0.02,
        "initial": 1000000,
        "interest": 0.028,
        "cash_yield": 0.02,
        "inflation": 0,
        "margin_requirement": 1,
        "stock_haircut": 0.7,
        "cash_haircut": 0.9,
        "safe_ratio": 1.4,
        "transfer_ratio": 3,
        "settlement_days": 1,
        "interest_mode": "accrue_unpaid",
        "renew_min_ratio": 2,
        "deny_renew_from": "",
        "block_new_from": "",
        "price_mode": "adjusted",
        "cap_override": 0,
        "reserve_years": 15,
        "gate": "post_floor",
        "permanent_stop": false,
        "financing": true,
        "renewal_floor": 0
      },
      "start": "2000-03-27",
      "end_actual": "2026-09-08",
      "end_requested": "2026-09-08",
      "failure": null,
      "final_net": 5195924.481414911,
      "final_debt": 498313.4246575356,
      "final_cash": 246493.70097801788,
      "principal": 380000.0,
      "interest": 118313.42465753562,
      "living_paid": 540000.0,
      "financed_years": 19,
      "cash_years": 8,
      "first_finance_pause": "2003-03-17",
      "min_mmr": 1.7324066337145658,
      "min_mmr_date": "2008-11-21:low",
      "min_cash": 188228.23380425756,
      "min_cash_years": 9.411411690212878,
      "max_drawdown_with_spending": 0.6970135405638355,
      "min_weight": 0.2872784560505368,
      "max_weight": 0.9584256333508842,
      "skipped_rebalances": 23,
      "partial_rebalances": 3,
      "principal_repaid": 0.0,
      "interest_paid": 0.0,
      "variant": "post_trade_cash_floor"
    },
    {
      "config": {
        "strategy": "C1",
        "weight": 0.7,
        "withdrawal": 0.02,
        "initial": 1000000,
        "interest": 0.028,
        "cash_yield": 0.02,
        "inflation": 0,
        "margin_requirement": 1,
        "stock_haircut": 0.7,
        "cash_haircut": 0.9,
        "safe_ratio": 1.4,
        "transfer_ratio": 3,
        "settlement_days": 1,
        "interest_mode": "accrue_unpaid",
        "renew_min_ratio": 2,
        "deny_renew_from": "",
        "block_new_from": "",
        "price_mode": "adjusted",
        "cap_override": 0,
        "reserve_years": 15,
        "gate": "none",
        "permanent_stop": false,
        "financing": true,
        "renewal_floor": 0
      },
      "start": "2000-03-27",
      "end_actual": "2026-09-08",
      "end_requested": "2026-09-08",
      "failure": null,
      "final_net": 4163547.2976046726,
      "final_debt": 483643.39726027456,
      "final_cash": 1215546.1163120456,
      "principal": 360000.0,
      "interest": 123643.39726027453,
      "living_paid": 540000.0,
      "financed_years": 18,
      "cash_years": 9,
      "first_finance_pause": "2005-03-15",
      "min_mmr": 1.7316417852871606,
      "min_mmr_date": "2008-11-21:low",
      "min_cash": 102363.24542952995,
      "min_cash_years": 5.118162271476498,
      "max_drawdown_with_spending": 0.7487980622477219,
      "min_weight": 0.5147659489560686,
      "max_weight": 0.811841394645292,
      "skipped_rebalances": 0,
      "partial_rebalances": 1,
      "principal_repaid": 0.0,
      "interest_paid": 0.0,
      "variant": "no_cash_gate"
    },
    {
      "config": {
        "strategy": "C1",
        "weight": 0.7,
        "withdrawal": 0.02,
        "initial": 1000000,
        "interest": 0.028,
        "cash_yield": 0.02,
        "inflation": 0,
        "margin_requirement": 1,
        "stock_haircut": 0.7,
        "cash_haircut": 0.9,
        "safe_ratio": 1.4,
        "transfer_ratio": 3,
        "settlement_days": 1,
        "interest_mode": "accrue_unpaid",
        "renew_min_ratio": 2,
        "deny_renew_from": "",
        "block_new_from": "",
        "price_mode": "adjusted",
        "cap_override": 0,
        "reserve_years": 15,
        "gate": "both",
        "permanent_stop": true,
        "financing": true,
        "renewal_floor": 0
      },
      "start": "2000-03-27",
      "end_actual": "2014-03-27",
      "end_requested": "2026-09-08",
      "failure": "LiquidityFailure",
      "final_net": 648453.403920514,
      "final_debt": 81890.6301369877,
      "final_cash": 11641.40094973842,
      "principal": 60000.0,
      "interest": 21890.630136987707,
      "living_paid": 280000.0,
      "financed_years": 3,
      "cash_years": 11,
      "first_finance_pause": "2003-03-17",
      "min_mmr": 2.4055833246266536,
      "min_mmr_date": "2002-10-08:low",
      "min_cash": 0.0,
      "min_cash_years": 0.0,
      "max_drawdown_with_spending": 0.7677960028528872,
      "min_weight": 0.42460494626997564,
      "max_weight": 0.9846925159065947,
      "skipped_rebalances": 13,
      "partial_rebalances": 0,
      "principal_repaid": 0.0,
      "interest_paid": 0.0,
      "variant": "permanent_stop"
    },
    {
      "config": {
        "strategy": "C1",
        "weight": 0.7,
        "withdrawal": 0.02,
        "initial": 1000000,
        "interest": 0.028,
        "cash_yield": 0.02,
        "inflation": 0,
        "margin_requirement": 1,
        "stock_haircut": 0.7,
        "cash_haircut": 0.9,
        "safe_ratio": 1.4,
        "transfer_ratio": 3,
        "settlement_days": 3,
        "interest_mode": "accrue_unpaid",
        "renew_min_ratio": 2,
        "deny_renew_from": "",
        "block_new_from": "",
        "price_mode": "adjusted",
        "cap_override": 0,
        "reserve_years": 15,
        "gate": "both",
        "permanent_stop": false,
        "financing": true,
        "renewal_floor": 0
      },
      "start": "2000-03-27",
      "end_actual": "2026-09-08",
      "end_requested": "2026-09-08",
      "failure": null,
      "final_net": 6083410.784915943,
      "final_debt": 528664.9863013716,
      "final_cash": 129889.93112317435,
      "principal": 400000.0,
      "interest": 128664.98630137155,
      "living_paid": 540000.0,
      "financed_years": 20,
      "cash_years": 7,
      "first_finance_pause": "2003-03-17",
      "min_mmr": 2.0372621863828515,
      "min_mmr_date": "2008-11-21:low",
      "min_cash": 97033.12714386298,
      "min_cash_years": 4.851656357193149,
      "max_drawdown_with_spending": 0.769651984377604,
      "min_weight": 0.42425915127402825,
      "max_weight": 0.9811518666282212,
      "skipped_rebalances": 25,
      "partial_rebalances": 0,
      "principal_repaid": 0.0,
      "interest_paid": 0.0,
      "variant": "settlement_3"
    },
    {
      "config": {
        "strategy": "C1",
        "weight": 0.7,
        "withdrawal": 0.02,
        "initial": 1000000,
        "interest": 0.028,
        "cash_yield": 0.02,
        "inflation": 0,
        "margin_requirement": 1,
        "stock_haircut": 0.7,
        "cash_haircut": 0.9,
        "safe_ratio": 1.4,
        "transfer_ratio": 3,
        "settlement_days": 1,
        "interest_mode": "accrue_unpaid",
        "renew_min_ratio": 2,
        "deny_renew_from": "",
        "block_new_from": "",
        "price_mode": "adjusted",
        "cap_override": 0,
        "reserve_years": 15,
        "gate": "both",
        "permanent_stop": false,
        "financing": true,
        "renewal_floor": 2
      },
      "start": "2000-03-27",
      "end_actual": "2026-09-08",
      "end_requested": "2026-09-08",
      "failure": null,
      "final_net": 6098310.559510043,
      "final_debt": 528664.9863013716,
      "final_cash": 128522.45889005656,
      "principal": 400000.0,
      "interest": 128664.98630137155,
      "living_paid": 540000.0,
      "financed_years": 20,
      "cash_years": 7,
      "first_finance_pause": "2003-03-17",
      "min_mmr": 2.0423747591561687,
      "min_mmr_date": "2008-11-21:low",
      "min_cash": 97918.87921891623,
      "min_cash_years": 4.895943960945812,
      "max_drawdown_with_spending": 0.7683752411474497,
      "min_weight": 0.42460494626997564,
      "max_weight": 0.9813924222964777,
      "skipped_rebalances": 25,
      "partial_rebalances": 0,
      "principal_repaid": 0.0,
      "interest_paid": 0.0,
      "variant": "renewal_200"
    },
    {
      "config": {
        "strategy": "C1",
        "weight": 0.7,
        "withdrawal": 0.02,
        "initial": 1000000,
        "interest": 0.028,
        "cash_yield": 0.02,
        "inflation": 0,
        "margin_requirement": 1,
        "stock_haircut": 0.7,
        "cash_haircut": 0.9,
        "safe_ratio": 1.4,
        "transfer_ratio": 3,
        "settlement_days": 1,
        "interest_mode": "accrue_unpaid",
        "renew_min_ratio": 2,
        "deny_renew_from": "",
        "block_new_from": "",
        "price_mode": "adjusted",
        "cap_override": 0,
        "reserve_years": 15,
        "gate": "both",
        "permanent_stop": false,
        "financing": false,
        "renewal_floor": 0
      },
      "start": "2000-03-27",
      "end_actual": "2017-03-27",
      "end_requested": "2026-09-08",
      "failure": "LiquidityFailure",
      "final_net": 871931.0981091136,
      "final_debt": 0,
      "final_cash": 11622.627708037684,
      "principal": 0,
      "interest": 0,
      "living_paid": 340000.0,
      "financed_years": 0,
      "cash_years": 17,
      "first_finance_pause": null,
      "min_mmr": null,
      "min_mmr_date": null,
      "min_cash": 0.0,
      "min_cash_years": 0.0,
      "max_drawdown_with_spending": 0.6863887404743737,
      "min_weight": 0.319866186392821,
      "max_weight": 0.9868823844235454,
      "skipped_rebalances": 17,
      "partial_rebalances": 0,
      "principal_repaid": 0.0,
      "interest_paid": 0.0,
      "variant": "no_financing"
    }
  ],
  "rolling": [
    {
      "years": 10,
      "n": 71,
      "failures": 0,
      "min_net": 420761.7163531241,
      "min_mmr": 1.5899765745873917,
      "min_cash_years": 7.632754334548319,
      "failed_starts": []
    },
    {
      "years": 20,
      "n": 31,
      "failures": 0,
      "min_net": 1562407.6194979474,
      "min_mmr": 1.5899765745873917,
      "min_cash_years": 6.777618435278306,
      "failed_starts": []
    }
  ]
}
