{
  "main": [
    {
      "candidate": "base",
      "scenario": "historical",
      "start": "2000-03-27",
      "end_requested": "2026-09-08",
      "end_actual": "2026-09-08",
      "failure": null,
      "net": 3723873.3692729925,
      "ordinary_cash": 1142133.8136716157,
      "credit_stock": 3056068.541902748,
      "credit_own_stock": 282289.7720045904,
      "debt": 474328.98630137136,
      "min_mmr": 1.6671748596581972,
      "min_cash_years": 9.251775136684476,
      "financed_years": 18,
      "living_paid": 540000.0,
      "max_drawdown": 0.715833077967932,
      "max_weight": 0.782207538531325,
      "max_net_stock_exposure": 0.9728325967331918
    },
    {
      "candidate": "borrow350",
      "scenario": "historical",
      "start": "2000-03-27",
      "end_requested": "2026-09-08",
      "end_actual": "2026-09-08",
      "failure": null,
      "net": 3506588.5307674757,
      "ordinary_cash": 1061660.90595236,
      "credit_stock": 2840742.857691829,
      "credit_own_stock": 636075.3227524227,
      "debt": 395815.23287671333,
      "min_mmr": 1.9291626159670072,
      "min_cash_years": 8.366753811192462,
      "financed_years": 15,
      "living_paid": 540000.0,
      "max_drawdown": 0.715416455698659,
      "max_weight": 0.7822075385313247,
      "max_net_stock_exposure": 0.9333107064156102
    },
    {
      "candidate": "borrow400",
      "scenario": "historical",
      "start": "2000-03-27",
      "end_requested": "2026-09-08",
      "end_actual": "2026-09-08",
      "failure": null,
      "net": 3291771.5672264015,
      "ordinary_cash": 987556.7334599257,
      "credit_stock": 2642458.3406157917,
      "credit_own_stock": 969579.3908840051,
      "debt": 338243.5068493159,
      "min_mmr": 2.1949210936824675,
      "min_cash_years": 7.547670783073631,
      "financed_years": 13,
      "living_paid": 540000.0,
      "max_drawdown": 0.7120677218405214,
      "max_weight": 0.782207538531325,
      "max_net_stock_exposure": 0.905364846909171
    },
    {
      "candidate": "both350",
      "scenario": "historical",
      "start": "2000-03-27",
      "end_requested": "2026-09-08",
      "end_actual": "2026-09-08",
      "failure": null,
      "net": 3523278.583723964,
      "ordinary_cash": 1066201.485684781,
      "credit_stock": 2852892.330915896,
      "credit_own_stock": 648224.7959764895,
      "debt": 395815.23287671333,
      "min_mmr": 1.9291626159670072,
      "min_cash_years": 8.366753811192462,
      "financed_years": 15,
      "living_paid": 540000.0,
      "max_drawdown": 0.715416455698659,
      "max_weight": 0.7822075385313247,
      "max_net_stock_exposure": 0.9424644079025789
    },
    {
      "candidate": "own3years",
      "scenario": "historical",
      "start": "2000-03-27",
      "end_requested": "2026-09-08",
      "end_actual": "2026-09-08",
      "failure": null,
      "net": 3723873.3692729925,
      "ordinary_cash": 1142133.8136716157,
      "credit_stock": 3056068.541902748,
      "credit_own_stock": 282289.7720045904,
      "debt": 474328.98630137136,
      "min_mmr": 1.6671748596581972,
      "min_cash_years": 9.251775136684476,
      "financed_years": 18,
      "living_paid": 540000.0,
      "max_drawdown": 0.715833077967932,
      "max_weight": 0.782207538531325,
      "max_net_stock_exposure": 0.9728325967331918
    },
    {
      "candidate": "cashfloor20",
      "scenario": "historical",
      "start": "2000-03-27",
      "end_requested": "2026-09-08",
      "end_actual": "2026-09-08",
      "failure": null,
      "net": 3606799.9380769767,
      "ordinary_cash": 1109064.8325525136,
      "credit_stock": 2967584.091825834,
      "credit_own_stock": 439729.64760504634,
      "debt": 469848.98630137084,
      "min_mmr": 1.6252329326155097,
      "min_cash_years": 8.934679759001845,
      "financed_years": 18,
      "living_paid": 540000.0,
      "max_drawdown": 0.7108578021366867,
      "max_weight": 0.7822075385313247,
      "max_net_stock_exposure": 0.943593534528889
    }
  ],
  "summary": [
    {
      "candidate": "base",
      "years": 10,
      "n": 71,
      "failures": 0,
      "min_mmr": 1.5205498549492222,
      "min_cash_years": 11.140831229666457,
      "median_relative_net": 0.0
    },
    {
      "candidate": "base",
      "years": 20,
      "n": 31,
      "failures": 0,
      "min_mmr": 1.5205498549492222,
      "min_cash_years": 9.570291977212072,
      "median_relative_net": 0.0
    },
    {
      "candidate": "borrow350",
      "years": 10,
      "n": 71,
      "failures": 0,
      "min_mmr": 1.7182990234198636,
      "min_cash_years": 10.017004052193872,
      "median_relative_net": 0.0
    },
    {
      "candidate": "borrow350",
      "years": 20,
      "n": 31,
      "failures": 0,
      "min_mmr": 1.7182990234198636,
      "min_cash_years": 8.40112561517721,
      "median_relative_net": 0.0
    },
    {
      "candidate": "borrow400",
      "years": 10,
      "n": 71,
      "failures": 0,
      "min_mmr": 1.9519515527022064,
      "min_cash_years": 8.993889125195883,
      "median_relative_net": 0.0
    },
    {
      "candidate": "borrow400",
      "years": 20,
      "n": 31,
      "failures": 0,
      "min_mmr": 1.9519515527022064,
      "min_cash_years": 8.366753811192474,
      "median_relative_net": 0.0
    },
    {
      "candidate": "both350",
      "years": 10,
      "n": 71,
      "failures": 0,
      "min_mmr": 1.7237431473880964,
      "min_cash_years": 10.017004052193872,
      "median_relative_net": 0.0
    },
    {
      "candidate": "both350",
      "years": 20,
      "n": 31,
      "failures": 0,
      "min_mmr": 1.7237431473880964,
      "min_cash_years": 8.40112561517721,
      "median_relative_net": 0.0
    },
    {
      "candidate": "own3years",
      "years": 10,
      "n": 71,
      "failures": 0,
      "min_mmr": 1.5205498549492222,
      "min_cash_years": 11.140831229666457,
      "median_relative_net": 0.0
    },
    {
      "candidate": "own3years",
      "years": 20,
      "n": 31,
      "failures": 0,
      "min_mmr": 1.5205498549492222,
      "min_cash_years": 9.570291977212072,
      "median_relative_net": 0.0
    },
    {
      "candidate": "cashfloor20",
      "years": 10,
      "n": 71,
      "failures": 0,
      "min_mmr": 1.4939460203005437,
      "min_cash_years": 11.544445582088702,
      "median_relative_net": -0.00047953958584556755
    },
    {
      "candidate": "cashfloor20",
      "years": 20,
      "n": 31,
      "failures": 0,
      "min_mmr": 1.4939460203005437,
      "min_cash_years": 10.080841024238326,
      "median_relative_net": -0.02752920981357143
    }
  ],
  "remaining_shock": 0.07928043566401055,
  "stress_count": 64
}
